main.c:94:1:__io_putchar	16	static
main.c:101:7:magnitude	24	static
main.c:105:7:mean	24	static
main.c:111:7:stnd	48	static
main.c:118:6:detect	24	static
main.c:143:5:main	1368	static
main.c:245:6:SystemClock_Config	248	static
main.c:329:13:MX_ADC1_Init	32	static
main.c:385:13:MX_DFSDM1_Init	8	static
main.c:430:13:MX_I2C2_Init	8	static
main.c:476:13:MX_OCTOSPI1_Init	32	static
main.c:524:13:MX_SPI1_Init	8	static
main.c:564:13:MX_SPI3_Init	8	static
main.c:604:13:MX_UART4_Init	8	static
main.c:652:13:MX_USART1_UART_Init	8	static
main.c:700:13:MX_USART2_UART_Init	8	static
main.c:748:13:MX_USART3_UART_Init	8	static
main.c:796:13:MX_USB_OTG_FS_USB_Init	4	static
main.c:817:13:MX_GPIO_Init	56	static
main.c:952:6:Error_Handler	4	static,ignoring_inline_asm
