main.c:92:1:__io_putchar	16	static
main.c:103:5:main	40	static
main.c:166:6:SystemClock_Config	248	static
main.c:250:13:MX_ADC1_Init	32	static
main.c:306:13:MX_DFSDM1_Init	8	static
main.c:351:13:MX_I2C2_Init	8	static
main.c:397:13:MX_OCTOSPI1_Init	32	static
main.c:445:13:MX_SPI1_Init	8	static
main.c:485:13:MX_SPI3_Init	8	static
main.c:525:13:MX_UART4_Init	8	static
main.c:573:13:MX_USART1_UART_Init	8	static
main.c:621:13:MX_USART2_UART_Init	8	static
main.c:669:13:MX_USART3_UART_Init	8	static
main.c:717:13:MX_USB_OTG_FS_USB_Init	4	static
main.c:738:13:MX_GPIO_Init	56	static
main.c:873:6:Error_Handler	4	static,ignoring_inline_asm
